
> front@0.1.0 build
> next build

Γû▓ Next.js 16.1.6 (Turbopack)
- Environments: .env.local

  Creating an optimized production build ...
Γ£ô Compiled successfully in 4.2s
  Running TypeScript ...
npm : Failed to compile.
En línea: 1 Carácter: 1
+ npm run build > build_output.log 2>&1
+ ~~~~~~~~~~~~~~~~~~~~~~~~~~~~~~~~~~~~~
    + CategoryInfo          : NotSpecified: (Fail 
   ed to compile.:String) [], RemoteException
    + FullyQualifiedErrorId : NativeCommandError
 

./src/app/(project)/projects/[slug]/branches/page.
tsx:365:29
Type error: Property 'delete' does not exist on 
type 'typeof ApiClient'.

[0m [90m 363 |[39m     [36mconst[39m 
handleDeleteBranch [33m=[39m [36masync[39m 
(branchId[33m:[39m string) [33m=>[39m {
 [90m 364 |[39m         [36mtry[39m {
[31m[1m>[22m[39m[90m 365 |[39m             
[36mawait[39m [33mApiClient[39m[33m.[39m[36
mdelete[39m([32m`/projects/${slug}/branches/${br
anchId}`[39m)[33m;[39m
 [90m     |[39m                             
[31m[1m^[22m[39m
 [90m 366 |[39m             [36mawait[39m 
fetchProject()[33m;[39m [90m// Re-fetch 
project to update list[39m
 [90m 367 |[39m             [90m// 
Automatically switch back to production if the 
active branch is deleted[39m
 [90m 368 |[39m         } [36mcatch[39m 
(e[33m:[39m any) {[0m
Next.js build worker exited with code: 1 and 
signal: null
